// Jest Snapshot v1, https://goo.gl/fbAQLP

exports[`App jest tests 1`] = `
<div
  className="container"
>
  <div
    className="banner"
  >
    <h1>
      Welcome to 
      test
      !
    </h1>
    <p>
      This is just a simple demo project messing with vite for the dev server, stupid fast, no bundling and hmr.
    </p>
    <p>
      Also utilizing parcel as the bundler.
    </p>
  </div>
</div>
`;
